Java HotSpot(TM) 64-Bit Server VM (25.201-b09) for windows-amd64 JRE (1.8.0_201-b09), built on Dec 15 2018 18:36:39 by "java_re" with MS VC++ 10.0 (VS2010)
Memory: 4k page, physical 8255784k(2637420k free), swap 14880400k(2796136k free)
CommandLine flags: -XX:InitialHeapSize=1073741824 -XX:MaxHeapSize=1073741824 -XX:+PrintGC -XX:+PrintGCDetails -XX:+PrintGCTimeStamps -XX:+UseCompressedClassPointers -XX:+UseCompressedOops -XX:-UseLargePagesIndividualAllocation -XX:+UseSerialGC 
0.201: [GC (Allocation Failure) 0.201: [DefNew: 279616K->34944K(314560K), 0.0312410 secs] 279616K->83660K(1013632K), 0.0313687 secs] [Times: user=0.00 sys=0.03, real=0.03 secs] 
0.272: [GC (Allocation Failure) 0.272: [DefNew: 314560K->34944K(314560K), 0.0410823 secs] 363276K->161628K(1013632K), 0.0411405 secs] [Times: user=0.02 sys=0.03, real=0.04 secs] 
0.352: [GC (Allocation Failure) 0.352: [DefNew: 314560K->34943K(314560K), 0.0326501 secs] 441244K->234029K(1013632K), 0.0327081 secs] [Times: user=0.03 sys=0.00, real=0.03 secs] 
0.422: [GC (Allocation Failure) 0.422: [DefNew: 314559K->34943K(314560K), 0.0357819 secs] 513645K->316168K(1013632K), 0.0358370 secs] [Times: user=0.03 sys=0.00, real=0.04 secs] 
0.498: [GC (Allocation Failure) 0.498: [DefNew: 314559K->34943K(314560K), 0.0353872 secs] 595784K->392778K(1013632K), 0.0354687 secs] [Times: user=0.02 sys=0.02, real=0.04 secs] 
0.580: [GC (Allocation Failure) 0.580: [DefNew: 314559K->34944K(314560K), 0.0425928 secs] 672394K->477051K(1013632K), 0.0426480 secs] [Times: user=0.05 sys=0.00, real=0.04 secs] 
0.659: [GC (Allocation Failure) 0.659: [DefNew: 314560K->34943K(314560K), 0.0374878 secs] 756667K->558900K(1013632K), 0.0375414 secs] [Times: user=0.00 sys=0.03, real=0.04 secs] 
0.734: [GC (Allocation Failure) 0.734: [DefNew: 314559K->34943K(314560K), 0.0337327 secs] 838516K->635955K(1013632K), 0.0337867 secs] [Times: user=0.00 sys=0.03, real=0.03 secs] 
0.806: [GC (Allocation Failure) 0.806: [DefNew: 314559K->34943K(314560K), 0.0338643 secs] 915571K->710926K(1013632K), 0.0339186 secs] [Times: user=0.00 sys=0.03, real=0.03 secs] 
0.879: [GC (Allocation Failure) 0.879: [DefNew: 314559K->314559K(314560K), 0.0000119 secs]0.879: [Tenured: 675982K->373961K(699072K), 0.0619216 secs] 990542K->373961K(1013632K), [Metaspace: 2628K->2628K(1056768K)], 0.0624081 secs] [Times: user=0.06 sys=0.00, real=0.06 secs] 
0.983: [GC (Allocation Failure) 0.983: [DefNew: 279616K->34942K(314560K), 0.0154252 secs] 653577K->456559K(1013632K), 0.0154846 secs] [Times: user=0.02 sys=0.00, real=0.02 secs] 
1.044: [GC (Allocation Failure) 1.044: [DefNew: 314558K->34943K(314560K), 0.0239372 secs] 736175K->540799K(1013632K), 0.0240192 secs] [Times: user=0.02 sys=0.02, real=0.02 secs] 
Heap
 def new generation   total 314560K, used 195977K [0x00000000c0000000, 0x00000000d5550000, 0x00000000d5550000)
  eden space 279616K,  57% used [0x00000000c0000000, 0x00000000c9d42530, 0x00000000d1110000)
  from space 34944K,  99% used [0x00000000d3330000, 0x00000000d554fff8, 0x00000000d5550000)
  to   space 34944K,   0% used [0x00000000d1110000, 0x00000000d1110000, 0x00000000d3330000)
 tenured generation   total 699072K, used 505855K [0x00000000d5550000, 0x0000000100000000, 0x0000000100000000)
   the space 699072K,  72% used [0x00000000d5550000, 0x00000000f434ff20, 0x00000000f4350000, 0x0000000100000000)
 Metaspace       used 2634K, capacity 4486K, committed 4864K, reserved 1056768K
  class space    used 291K, capacity 386K, committed 512K, reserved 1048576K
