Java HotSpot(TM) 64-Bit Server VM (25.201-b09) for windows-amd64 JRE (1.8.0_201-b09), built on Dec 15 2018 18:36:39 by "java_re" with MS VC++ 10.0 (VS2010)
Memory: 4k page, physical 8255784k(2719980k free), swap 13958276k(2202144k free)
CommandLine flags: -XX:InitialHeapSize=1073741824 -XX:MaxHeapSize=1073741824 -XX:MaxNewSize=1073741824 -XX:NewSize=1073741824 -XX:+PrintGC -XX:+PrintGCDetails -XX:+PrintGCTimeStamps -XX:+UseCompressedClassPointers -XX:+UseCompressedOops -XX:-UseLargePagesIndividualAllocation -XX:+UseSerialGC 
0.422: [GC (Allocation Failure) 0.422: [DefNew (promotion failed) : 838848K->943680K(943680K), 0.0392286 secs]0.462: [Tenured: 63K->63K(64K), 0.0369619 secs] 838848K->201251K(943744K), [Metaspace: 2628K->2628K(1056768K)], 0.0764888 secs] [Times: user=0.03 sys=0.05, real=0.08 secs] 
0.608: [Full GC (Allocation Failure) 0.608: [Tenured: 63K->63K(64K), 0.0489366 secs] 943383K->285338K(943744K), [Metaspace: 2628K->2628K(1056768K)], 0.0489981 secs] [Times: user=0.05 sys=0.00, real=0.05 secs] 
0.746: [Full GC (Allocation Failure) 0.746: [Tenured: 63K->63K(64K), 0.0544844 secs] 943721K->324420K(943744K), [Metaspace: 2628K->2628K(1056768K)], 0.0545447 secs] [Times: user=0.05 sys=0.00, real=0.05 secs] 
0.889: [Full GC (Allocation Failure) 0.889: [Tenured: 63K->63K(64K), 0.0546671 secs] 943733K->326006K(943744K), [Metaspace: 2628K->2628K(1056768K)], 0.0547235 secs] [Times: user=0.06 sys=0.00, real=0.06 secs] 
1.041: [Full GC (Allocation Failure) 1.041: [Tenured: 63K->63K(64K), 0.0605872 secs] 943632K->346444K(943744K), [Metaspace: 2628K->2628K(1056768K)], 0.0606417 secs] [Times: user=0.06 sys=0.00, real=0.06 secs] 
Heap
 def new generation   total 943680K, used 376722K [0x00000000c0000000, 0x00000000ffff0000, 0x00000000ffff0000)
  eden space 838848K,  44% used [0x00000000c0000000, 0x00000000d6fe4a60, 0x00000000f3330000)
  from space 104832K,   0% used [0x00000000f9990000, 0x00000000f9990000, 0x00000000ffff0000)
  to   space 104832K,   0% used [0x00000000f3330000, 0x00000000f3330000, 0x00000000f9990000)
 tenured generation   total 64K, used 63K [0x00000000ffff0000, 0x0000000100000000, 0x0000000100000000)
   the space 64K,  99% used [0x00000000ffff0000, 0x00000000ffffffe0, 0x0000000100000000, 0x0000000100000000)
 Metaspace       used 2634K, capacity 4486K, committed 4864K, reserved 1056768K
  class space    used 291K, capacity 386K, committed 512K, reserved 1048576K
